// Jest Snapshot v1, https://goo.gl/fbAQLP

exports[`PaymentAccountsCard renders PaymentAccountsCard 1`] = `
<div>
  <div
    class="MuiGrid-root MuiGrid-item MuiGrid-grid-xs-12"
  >
    <div
      class="MuiBox-root MuiBox-root-52 makeStyles-row-20 makeStyles-header-42"
    >
      <div
        class="MuiBox-root MuiBox-root-53 makeStyles-arrowBackIconContainer-46"
      >
        <div
          class="MuiBox-root MuiBox-root-54"
        >
          <button
            class="MuiButtonBase-root MuiIconButton-root makeStyles-arrowBackIconButton-45"
            tabindex="0"
            type="button"
          >
            <span
              class="MuiIconButton-label"
            >
              <svg
                aria-hidden="true"
                class="MuiSvgIcon-root makeStyles-backIcon-44"
                focusable="false"
                viewBox="0 0 24 24"
              >
                <path
                  d="M20 11H7.83l5.59-5.59L12 4l-8 8 8 8 1.41-1.41L7.83 13H20v-2z"
                />
              </svg>
            </span>
            <span
              class="MuiTouchRipple-root"
            />
          </button>
          <h4
            class="MuiTypography-root makeStyles-pageTitle-51 MuiTypography-h4"
          >
            Payment Accounts
          </h4>
        </div>
      </div>
      <div
        class="MuiBox-root MuiBox-root-55 makeStyles-addIconContainer-49"
      >
        <button
          class="MuiButtonBase-root MuiIconButton-root MuiIconButton-colorPrimary"
          tabindex="0"
          type="button"
        >
          <span
            class="MuiIconButton-label"
          >
            <svg
              aria-hidden="true"
              class="MuiSvgIcon-root makeStyles-addIcon-50"
              focusable="false"
              viewBox="0 0 24 24"
            >
              <path
                d="M19 13h-6v6h-2v-6H5v-2h6V5h2v6h6v2z"
              />
            </svg>
          </span>
          <span
            class="MuiTouchRipple-root"
          />
        </button>
      </div>
    </div>
  </div>
  <div
    class="MuiGrid-root makeStyles-nonMobileGridItem-9 MuiGrid-item MuiGrid-grid-xs-12"
  >
    <div
      class="MuiBox-root MuiBox-root-59 makeStyles-paymentAccountsBox-5 makeStyles-paymentAccountsBox-57"
    >
      <div
        class="MuiBox-root MuiBox-root-60 makeStyles-lockIconBox-7 makeStyles-lockIconBox-58"
      >
        <div
          class="MuiBox-root MuiBox-root-61 makeStyles-lockIconContainer-8"
        >
          <svg
            aria-hidden="true"
            class="MuiSvgIcon-root"
            focusable="false"
            viewBox="0 0 24 24"
          >
            <path
              d="M21 18v1c0 1.1-.9 2-2 2H5c-1.11 0-2-.9-2-2V5c0-1.1.89-2 2-2h14c1.1 0 2 .9 2 2v1h-9c-1.11 0-2 .9-2 2v8c0 1.1.89 2 2 2h9zm-9-2h10V8H12v8zm4-2.5c-.83 0-1.5-.67-1.5-1.5s.67-1.5 1.5-1.5 1.5.67 1.5 1.5-.67 1.5-1.5 1.5z"
            />
          </svg>
        </div>
      </div>
      <h1
        class="MuiTypography-root makeStyles-row-6 MuiTypography-h1"
      >
        Add a Payment Account
      </h1>
      <p
        class="MuiTypography-root makeStyles-caption-4 makeStyles-row-6 MuiTypography-body1"
      >
        Your default bank account will be used for any future payments scheduled through the dashboard. It will not impact previously scheduled payments.
      </p>
      <button
        class="MuiButtonBase-root MuiButton-root makeStyles-root-62 makeStyles-root-63 MuiButton-contained MuiButton-containedSizeLarge MuiButton-sizeLarge MuiButton-disableElevation"
        data-testid="PrimaryButton"
        tabindex="0"
        type="button"
      >
        <span
          class="MuiButton-label"
        >
          + New Payment Account
        </span>
        <span
          class="MuiTouchRipple-root"
        />
      </button>
    </div>
  </div>
</div>
`;
