// Jest Snapshot v1, https://goo.gl/fbAQLP

exports[`HelpCenterHeader renders HelpCenterHeader 1`] = `
<div>
  <div
    class="MuiGrid-root MuiGrid-item MuiGrid-grid-xs-12"
  >
    <div
      class="MuiBox-root MuiBox-root-34 makeStyles-row-12 makeStyles-header-1"
    >
      <div
        class="MuiBox-root MuiBox-root-35"
      >
        <button
          class="MuiButtonBase-root MuiIconButton-root makeStyles-arrowBackIconButton-3"
          tabindex="0"
          type="button"
        >
          <span
            class="MuiIconButton-label"
          >
            <svg
              aria-hidden="true"
              class="MuiSvgIcon-root makeStyles-backIcon-2"
              focusable="false"
              viewBox="0 0 24 24"
            >
              <path
                d="M20 11H7.83l5.59-5.59L12 4l-8 8 8 8 1.41-1.41L7.83 13H20v-2z"
              />
            </svg>
          </span>
          <span
            class="MuiTouchRipple-root"
          />
        </button>
        <h4
          class="MuiTypography-root makeStyles-pageTitle-4 MuiTypography-h4"
        >
          Contact Us
        </h4>
      </div>
    </div>
  </div>
</div>
`;
