// Jest Snapshot v1, https://goo.gl/fbAQLP

exports[`Renders 1`] = `
<div>
  <div
    class="MuiBox-root MuiBox-root-6 makeStyles-container-4"
    data-testid="LabelValueColumn"
  >
    <h6
      class="MuiTypography-root MuiTypography-h6"
    >
      Hello
    </h6>
    <p
      class="MuiTypography-root makeStyles-value-1 makeStyles-value-5 makeStyles-valueSmall-3 MuiTypography-body1"
    >
      World
    </p>
  </div>
</div>
`;
