// Jest Snapshot v1, https://goo.gl/fbAQLP

exports[`NewPaymentAccount renders New Payment Account 1`] = `
<div
  aria-hidden="true"
>
  <div
    class="MuiDrawer-root MuiDrawer-modal makeStyles-confirmPanelRoot-5"
    role="presentation"
    style="position: fixed; z-index: 1300; right: 0px; bottom: 0px; top: 0px; left: 0px;"
  >
    <div
      aria-hidden="true"
      class="MuiBackdrop-root"
      style="opacity: 1; webkit-transition: opacity 225ms cubic-bezier(0.4, 0, 0.2, 1) 0ms; transition: opacity 225ms cubic-bezier(0.4, 0, 0.2, 1) 0ms;"
    />
    <div
      data-test="sentinelStart"
      tabindex="0"
    />
    <div
      class="MuiPaper-root MuiDrawer-paper MuiDrawer-paperAnchorBottom makeStyles-modalPaper-42 MuiPaper-elevation16"
      tabindex="-1"
    >
      <div
        class="MuiBox-root MuiBox-root-43 makeStyles-header-10 makeStyles-row-21"
      >
        <div
          class="MuiBox-root MuiBox-root-44 makeStyles-arrowBackBox-12"
        >
          <svg
            aria-hidden="true"
            class="MuiSvgIcon-root"
            focusable="false"
            viewBox="0 0 24 24"
          >
            <path
              d="M20 11H7.83l5.59-5.59L12 4l-8 8 8 8 1.41-1.41L7.83 13H20v-2z"
            />
          </svg>
        </div>
        <p
          class="MuiTypography-root makeStyles-headerTitle-11 MuiTypography-body1"
        >
          New Payment Account
        </p>
        <div
          class="MuiBox-root MuiBox-root-45"
        />
      </div>
      <hr
        class="MuiDivider-root"
      />
      <div
        class="MuiDialogContent-root"
      >
        <div
          class="MuiFormControl-root makeStyles-inputField-1 MuiFormControl-fullWidth"
        >
          <label
            class="MuiFormLabel-root MuiInputLabel-root makeStyles-inputLabel-2 MuiInputLabel-formControl MuiInputLabel-animated MuiInputLabel-shrink MuiInputLabel-outlined Mui-focused Mui-focused"
            data-shrink="true"
          >
            Routing Number
          </label>
          <div
            class="MuiInputBase-root MuiOutlinedInput-root makeStyles-newPaymentMethodInput-3 MuiInputBase-fullWidth Mui-focused Mui-focused MuiInputBase-formControl"
            variant="outlined"
          >
            <input
              aria-invalid="false"
              class="MuiInputBase-input MuiOutlinedInput-input"
              id="routingNum"
              placeholder="Routing Number"
              type="text"
              value=""
            />
            <fieldset
              aria-hidden="true"
              class="PrivateNotchedOutline-root-46 MuiOutlinedInput-notchedOutline"
            >
              <legend
                class="PrivateNotchedOutline-legendLabelled-48"
              >
                <span>
                  Routing Number
                </span>
              </legend>
            </fieldset>
          </div>
        </div>
        <div
          class="MuiFormControl-root makeStyles-inputField-1 MuiFormControl-fullWidth"
        >
          <label
            class="MuiFormLabel-root MuiInputLabel-root makeStyles-inputLabel-2 MuiInputLabel-formControl MuiInputLabel-animated MuiInputLabel-shrink MuiInputLabel-outlined"
            data-shrink="true"
          >
            Account Number
          </label>
          <div
            class="MuiInputBase-root MuiOutlinedInput-root makeStyles-newPaymentMethodInput-3 MuiInputBase-fullWidth MuiInputBase-formControl"
            variant="outlined"
          >
            <input
              aria-invalid="false"
              class="MuiInputBase-input MuiOutlinedInput-input"
              id="accountNum"
              placeholder="Account Number"
              type="text"
              value=""
            />
            <fieldset
              aria-hidden="true"
              class="PrivateNotchedOutline-root-46 MuiOutlinedInput-notchedOutline"
            >
              <legend
                class="PrivateNotchedOutline-legendLabelled-48"
              >
                <span>
                  Account Number
                </span>
              </legend>
            </fieldset>
          </div>
        </div>
        <div
          class="MuiFormControl-root makeStyles-inputField-1 MuiFormControl-fullWidth"
        >
          <label
            class="MuiFormLabel-root MuiInputLabel-root makeStyles-inputLabel-2 MuiInputLabel-formControl MuiInputLabel-animated MuiInputLabel-shrink MuiInputLabel-outlined"
            data-shrink="true"
          >
            Verify Account Number
          </label>
          <div
            class="MuiInputBase-root MuiOutlinedInput-root makeStyles-newPaymentMethodInput-3 MuiInputBase-fullWidth MuiInputBase-formControl"
            variant="outlined"
          >
            <input
              aria-invalid="false"
              class="MuiInputBase-input MuiOutlinedInput-input"
              id="accountNumVerify"
              placeholder="Verify Account Number"
              type="text"
              value=""
            />
            <fieldset
              aria-hidden="true"
              class="PrivateNotchedOutline-root-46 MuiOutlinedInput-notchedOutline"
            >
              <legend
                class="PrivateNotchedOutline-legendLabelled-48"
              >
                <span>
                  Verify Account Number
                </span>
              </legend>
            </fieldset>
          </div>
        </div>
        <div
          class="MuiFormControl-root makeStyles-inputFieldLast-6 MuiFormControl-fullWidth"
        >
          <label
            class="MuiFormLabel-root MuiInputLabel-root makeStyles-inputFieldLastLabel-7 makeStyles-inputLabel-2 MuiInputLabel-formControl MuiInputLabel-animated MuiInputLabel-shrink MuiInputLabel-outlined"
            data-shrink="true"
          >
            Account Type
          </label>
          <div
            class="MuiInputBase-root MuiOutlinedInput-root MuiInputBase-formControl"
          >
            <div
              aria-haspopup="listbox"
              class="MuiSelect-root MuiSelect-select MuiSelect-selectMenu MuiSelect-outlined MuiInputBase-input MuiOutlinedInput-input"
              role="button"
              tabindex="0"
            >
              <span>
                ​
              </span>
            </div>
            <input
              aria-hidden="true"
              class="MuiSelect-nativeInput"
              tabindex="-1"
              value=""
            />
            <svg
              aria-hidden="true"
              class="MuiSvgIcon-root MuiSelect-icon MuiSelect-iconOutlined"
              focusable="false"
              viewBox="0 0 24 24"
            >
              <path
                d="M7 10l5 5 5-5z"
              />
            </svg>
            <fieldset
              aria-hidden="true"
              class="PrivateNotchedOutline-root-46 MuiOutlinedInput-notchedOutline"
              style="padding-left: 8px;"
            >
              <legend
                class="PrivateNotchedOutline-legend-47"
                style="width: 0.01px;"
              >
                <span>
                  ​
                </span>
              </legend>
            </fieldset>
          </div>
        </div>
        <div
          class="MuiPaper-root MuiCard-root makeStyles-saveAsDefaultCard-8 MuiPaper-elevation0 MuiPaper-rounded"
        >
          <div
            class="MuiBox-root MuiBox-root-50 makeStyles-saveAsDefaultBox-9"
          >
            <p
              class="MuiTypography-root makeStyles-inputLabel-2 MuiTypography-body1"
            >
              Save as default payment account
            </p>
            <span
              class="MuiSwitch-root"
            >
              <span
                aria-disabled="false"
                class="MuiButtonBase-root MuiIconButton-root PrivateSwitchBase-root-51 MuiSwitch-switchBase MuiSwitch-colorPrimary PrivateSwitchBase-checked-52 Mui-checked"
              >
                <span
                  class="MuiIconButton-label"
                >
                  <input
                    checked=""
                    class="PrivateSwitchBase-input-54 MuiSwitch-input"
                    type="checkbox"
                    value=""
                  />
                  <span
                    class="MuiSwitch-thumb"
                  />
                </span>
                <span
                  class="MuiTouchRipple-root"
                />
              </span>
              <span
                class="MuiSwitch-track"
              />
            </span>
          </div>
        </div>
        <div
          class="MuiBox-root MuiBox-root-55"
        >
          <button
            class="MuiButtonBase-root MuiButton-root makeStyles-root-56 makeStyles-root-57 MuiButton-contained MuiButton-containedSizeLarge MuiButton-sizeLarge MuiButton-disableElevation Mui-disabled MuiButton-fullWidth Mui-disabled"
            data-testid="PrimaryButton"
            disabled=""
            tabindex="-1"
            type="button"
          >
            <span
              class="MuiButton-label"
            >
              Add New Account
            </span>
          </button>
        </div>
      </div>
    </div>
    <div
      data-test="sentinelEnd"
      tabindex="0"
    />
  </div>
</div>
`;
