// Jest Snapshot v1, https://goo.gl/fbAQLP

exports[`Payment Success Prompt renders Payment Success Prompt 1`] = `
<div>
  <div
    aria-hidden="true"
    class="MuiBackdrop-root makeStyles-confirmPanelBackdrop-3"
    style="opacity: 1; webkit-transition: -webkit-transform 225ms cubic-bezier(0.0, 0, 0.2, 1) 0ms; transition: transform 225ms cubic-bezier(0.0, 0, 0.2, 1) 0ms; webkit-transform: none; transform: none;"
  >
    <div
      class="MuiDrawer-root makeStyles-confirmPanelRoot-4 MuiDrawer-docked"
      id="confirmPanel"
    >
      <div
        class="MuiPaper-root MuiDrawer-paper MuiDrawer-paperAnchorBottom makeStyles-modalPaper-46 MuiDrawer-paperAnchorDockedBottom makeStyles-paperAnchorDockedBottom-5 MuiPaper-elevation0"
        data-testid="SubmitPaymentSuccess"
      >
        <div
          class="MuiBox-root MuiBox-root-47 makeStyles-header-6"
        >
          <svg
            aria-hidden="true"
            class="MuiSvgIcon-root"
            focusable="false"
            viewBox="0 0 24 24"
          >
            <path
              d="M19 6.41L17.59 5 12 10.59 6.41 5 5 6.41 10.59 12 5 17.59 6.41 19 12 13.41 17.59 19 19 17.59 13.41 12z"
            />
          </svg>
          <div
            class="MuiBox-root MuiBox-root-48 makeStyles-checkIconContainer-8 makeStyles-checkIcon-9"
          >
            <svg
              aria-hidden="true"
              class="MuiSvgIcon-root"
              focusable="false"
              viewBox="0 0 24 24"
            >
              <path
                d="M9 16.17L4.83 12l-1.42 1.41L9 19 21 7l-1.41-1.41z"
              />
            </svg>
          </div>
          <p
            class="MuiTypography-root makeStyles-confirmTitle-1 MuiTypography-body1"
          >
            Thank you for scheduling a payment
            !
          </p>
        </div>
        <div
          class="MuiPaper-root makeStyles-amountSplit-15 MuiPaper-elevation5 MuiPaper-rounded"
        >
          <div
            class="MuiGrid-root MuiGrid-container MuiGrid-justify-xs-space-evenly"
          >
            <div
              class="MuiGrid-root MuiGrid-item MuiGrid-grid-xs-6"
            >
              <p
                class="MuiTypography-root MuiTypography-body1"
              >
                Payment Amount
              </p>
              <b>
                $500.00
              </b>
            </div>
            <div
              class="MuiGrid-root MuiGrid-item MuiGrid-grid-xs-6"
            >
              <p
                class="MuiTypography-root MuiTypography-body1"
              >
                Next Payment
              </p>
              <b>
                Jan 17, 2021
              </b>
            </div>
            <div
              class="MuiGrid-root MuiGrid-item MuiGrid-grid-xs-12"
            >
              <button
                class="MuiButtonBase-root MuiButton-root makeStyles-root-49 makeStyles-root-50 MuiButton-contained makeStyles-button-13 MuiButton-containedPrimary MuiButton-disableElevation MuiButton-fullWidth"
                data-testid="PrimaryButton"
                tabindex="0"
                type="button"
              >
                <span
                  class="MuiButton-label"
                >
                  Schedule Another Payment
                </span>
                <span
                  class="MuiTouchRipple-root"
                />
              </button>
              <button
                class="MuiButtonBase-root MuiButton-root makeStyles-root-51 makeStyles-root-52 MuiButton-contained makeStyles-button-13 MuiButton-disableElevation MuiButton-fullWidth"
                data-testid="SecondaryButton"
                tabindex="0"
                type="button"
              >
                <span
                  class="MuiButton-label"
                >
                  Back to Loan Overview
                </span>
                <span
                  class="MuiTouchRipple-root"
                />
              </button>
              <p
                class="MuiTypography-root MuiTypography-body1"
              >
                *
                Your balance amount will be adjusted once we receive your payment
                .
                Payments take up to 3 business days to process
                .
                View Payments to check the status of your payment
                .
              </p>
            </div>
          </div>
        </div>
        <div
          class="MuiBox-root MuiBox-root-53 makeStyles-paymentDetails-16"
        >
          <p
            class="MuiTypography-root MuiTypography-body1"
          >
            Payment Details
          </p>
          <div
            class="MuiGrid-root MuiGrid-container MuiGrid-justify-xs-space-evenly"
          >
            <div
              class="MuiGrid-root MuiGrid-item MuiGrid-grid-xs-6"
            >
              Payment Amount
              <br />
              Pay From
              <br />
              Pay On
            </div>
            <div
              class="MuiGrid-root MuiGrid-item MuiGrid-grid-xs-6"
              style="text-align: right;"
            >
              <span>
                $500.00
              </span>
              <br />
              <span />
               (
              )
              <br />
              <span>
                Jan 17, 2021
              </span>
            </div>
          </div>
        </div>
      </div>
    </div>
  </div>
</div>
`;
