// Jest Snapshot v1, https://goo.gl/fbAQLP

exports[`ChangePasswordScreen Screen renders ChangePasswordScreen screen 1`] = `
<div>
  <div
    class="MuiBox-root MuiBox-root-49"
  >
    <div
      class="MuiBox-root MuiBox-root-71 makeStyles-headerContainer-52 makeStyles-row-25"
      data-testid="Header"
    >
      <div
        class="MuiContainer-root makeStyles-container-50"
      >
        <div
          class="MuiBox-root MuiBox-root-72 makeStyles-row-25 makeStyles-headerContentBox-53"
        >
          <div
            class="MuiBox-root MuiBox-root-73 makeStyles-menuIconContainer-59"
            data-testid="MenuIconContainer"
          >
            <svg
              aria-hidden="true"
              class="MuiSvgIcon-root makeStyles-menuIcon-58"
              focusable="false"
              viewBox="0 0 24 24"
            >
              <path
                d="M3 18h18v-2H3v2zm0-5h18v-2H3v2zm0-7v2h18V6H3z"
              />
            </svg>
          </div>
          <div
            class="MuiBox-root MuiBox-root-74 makeStyles-logoBox-67 makeStyles-logoBox-70"
          >
            <img
              class="makeStyles-logo-68"
              src="logo.png"
            />
          </div>
          <h2
            class="MuiTypography-root makeStyles-title-51 makeStyles-title-69 MuiTypography-h2"
          >
            Customer Dashboard
          </h2>
        </div>
        <div
          class="MuiBox-root MuiBox-root-81 makeStyles-column-27"
          data-testid="LoanSelectButton"
        />
      </div>
    </div>
    <div
      class="MuiBox-root MuiBox-root-82 makeStyles-headerSpacer-56"
    />
    <div
      class="MuiBox-root MuiBox-root-83 makeStyles-headerBottomWrapp-54 makeStyles-screenPaddingOn-38 makeStyles-row-25"
    >
      <div
        class="MuiContainer-root makeStyles-headerBottomContainer-55"
      >
        <div
          class="MuiBox-root MuiBox-root-84 makeStyles-row-25"
        >
          <div
            class="MuiBox-root MuiBox-root-94 makeStyles-row-25 makeStyles-desktopMenuItem-85 makeStyles-leftMenu-86"
            data-testid="NavigationMenuItem-desktop"
          >
            <div
              class="MuiBox-root MuiBox-root-95 makeStyles-iconContainer-89 makeStyles-column-27 makeStyles-icon-92"
            >
              <svg
                aria-hidden="true"
                class="MuiSvgIcon-root makeStyles-bottomMenuIcon-63"
                focusable="false"
                viewBox="0 0 24 24"
              >
                <path
                  d="M3 13h8V3H3v10zm0 8h8v-6H3v6zm10 0h8V11h-8v10zm0-18v6h8V3h-8z"
                />
              </svg>
            </div>
            <p
              class="MuiTypography-root makeStyles-itemName-90 MuiTypography-body1"
            >
              Loan Overview
            </p>
          </div>
          <div
            class="MuiBox-root MuiBox-root-96 makeStyles-row-25 makeStyles-desktopMenuItem-85 makeStyles-leftMenu-86"
            data-testid="NavigationMenuItem-desktop"
          >
            <div
              class="MuiBox-root MuiBox-root-97 makeStyles-iconContainer-89 makeStyles-column-27 makeStyles-icon-92"
            >
              <svg
                aria-hidden="true"
                class="MuiSvgIcon-root makeStyles-bottomMenuIcon-63"
                focusable="false"
                viewBox="0 0 24 24"
              >
                <path
                  d="M4 10h3v7H4zM10.5 10h3v7h-3zM2 19h20v3H2zM17 10h3v7h-3zM12 1L2 6v2h20V6z"
                />
              </svg>
            </div>
            <p
              class="MuiTypography-root makeStyles-itemName-90 MuiTypography-body1"
            >
              Balance Detail
            </p>
          </div>
          <div
            class="MuiBox-root MuiBox-root-98 makeStyles-row-25 makeStyles-desktopMenuItem-85 makeStyles-leftMenu-86"
            data-testid="NavigationMenuItem-desktop"
          >
            <div
              class="MuiBox-root MuiBox-root-99 makeStyles-iconContainer-89 makeStyles-column-27 makeStyles-icon-92"
            >
              <svg
                aria-hidden="true"
                class="MuiSvgIcon-root makeStyles-bottomMenuIcon-63"
                focusable="false"
                viewBox="0 0 24 24"
              >
                <path
                  d="M2.01 21L23 12 2.01 3 2 10l15 2-15 2z"
                />
              </svg>
            </div>
            <p
              class="MuiTypography-root makeStyles-itemName-90 MuiTypography-body1"
            >
              Payment History
            </p>
          </div>
          <div
            class="MuiBox-root MuiBox-root-100 makeStyles-row-25 makeStyles-desktopMenuItem-85 makeStyles-leftMenu-86"
            data-testid="NavigationMenuItem-desktop"
          >
            <div
              class="MuiBox-root MuiBox-root-101 makeStyles-iconContainer-89 makeStyles-column-27 makeStyles-icon-92"
            >
              <svg
                aria-hidden="true"
                class="MuiSvgIcon-root makeStyles-bottomMenuIcon-63"
                focusable="false"
                viewBox="0 0 24 24"
              >
                <path
                  d="M19 5v14H5V5h14m1.1-2H3.9c-.5 0-.9.4-.9.9v16.2c0 .4.4.9.9.9h16.2c.4 0 .9-.5.9-.9V3.9c0-.5-.5-.9-.9-.9zM11 7h6v2h-6V7zm0 4h6v2h-6v-2zm0 4h6v2h-6zM7 7h2v2H7zm0 4h2v2H7zm0 4h2v2H7z"
                />
              </svg>
            </div>
            <p
              class="MuiTypography-root makeStyles-itemName-90 MuiTypography-body1"
            >
              Statements
            </p>
          </div>
        </div>
        <div
          class="MuiBox-root MuiBox-root-102 makeStyles-row-25 makeStyles-menuItemsRightBox-61"
        >
          <div
            class="MuiBox-root MuiBox-root-103 makeStyles-row-25 makeStyles-desktopMenuItem-85 makeStyles-leftMenu-86"
            data-testid="NavigationMenuItem-desktop"
          >
            <div
              class="MuiBox-root MuiBox-root-104 makeStyles-iconContainer-89 makeStyles-column-27 makeStyles-icon-92"
            >
              <svg
                aria-hidden="true"
                class="MuiSvgIcon-root makeStyles-menuIcon-58"
                focusable="false"
                viewBox="0 0 24 24"
              >
                <path
                  d="M19.14 12.94c.04-.3.06-.61.06-.94 0-.32-.02-.64-.07-.94l2.03-1.58c.18-.14.23-.41.12-.61l-1.92-3.32c-.12-.22-.37-.29-.59-.22l-2.39.96c-.5-.38-1.03-.7-1.62-.94l-.36-2.54c-.04-.24-.24-.41-.48-.41h-3.84c-.24 0-.43.17-.47.41l-.36 2.54c-.59.24-1.13.57-1.62.94l-2.39-.96c-.22-.08-.47 0-.59.22L2.74 8.87c-.12.21-.08.47.12.61l2.03 1.58c-.05.3-.09.63-.09.94s.02.64.07.94l-2.03 1.58c-.18.14-.23.41-.12.61l1.92 3.32c.12.22.37.29.59.22l2.39-.96c.5.38 1.03.7 1.62.94l.36 2.54c.05.24.24.41.48.41h3.84c.24 0 .44-.17.47-.41l.36-2.54c.59-.24 1.13-.56 1.62-.94l2.39.96c.22.08.47 0 .59-.22l1.92-3.32c.12-.22.07-.47-.12-.61l-2.01-1.58zM12 15.6c-1.98 0-3.6-1.62-3.6-3.6s1.62-3.6 3.6-3.6 3.6 1.62 3.6 3.6-1.62 3.6-3.6 3.6z"
                />
              </svg>
            </div>
            <p
              class="MuiTypography-root makeStyles-itemName-90 MuiTypography-body1"
            >
              Preferences
            </p>
          </div>
          <div
            class="MuiBox-root MuiBox-root-105 makeStyles-row-25 makeStyles-desktopMenuItem-85 makeStyles-leftMenu-86"
            data-testid="NavigationMenuItem-desktop"
          >
            <div
              class="MuiBox-root MuiBox-root-106 makeStyles-iconContainer-89 makeStyles-column-27 makeStyles-icon-92"
            >
              <svg
                aria-hidden="true"
                class="MuiSvgIcon-root makeStyles-menuIcon-58"
                focusable="false"
                viewBox="0 0 24 24"
              >
                <path
                  d="M10.09 15.59L11.5 17l5-5-5-5-1.41 1.41L12.67 11H3v2h9.67l-2.58 2.59zM19 3H5c-1.11 0-2 .9-2 2v4h2V5h14v14H5v-4H3v4c0 1.1.89 2 2 2h14c1.1 0 2-.9 2-2V5c0-1.1-.9-2-2-2z"
                />
              </svg>
            </div>
            <p
              class="MuiTypography-root makeStyles-itemName-90 MuiTypography-body1"
            >
              Log Out
            </p>
          </div>
        </div>
        <div
          class="MuiBox-root MuiBox-root-107 makeStyles-menuIconRightBox-62"
        >
          <svg
            aria-hidden="true"
            class="MuiSvgIcon-root makeStyles-menuIcon-58"
            focusable="false"
            viewBox="0 0 24 24"
          >
            <path
              d="M3 18h18v-2H3v2zm0-5h18v-2H3v2zm0-7v2h18V6H3z"
            />
          </svg>
        </div>
      </div>
    </div>
    <div
      class="MuiBox-root MuiBox-root-108 makeStyles-headerBottomSpacer-57"
    />
    <div
      class="MuiBox-root MuiBox-root-109 makeStyles-screenPaddingOff-37 makeStyles-withMinHeight-48"
    >
      <div
        class="MuiGrid-root MuiGrid-container MuiGrid-justify-xs-center"
      >
        <div
          class="MuiGrid-root makeStyles-gridContainer-110 makeStyles-gridContainer-111 makeStyles-gridContainer-17 MuiGrid-container MuiGrid-spacing-xs-3 MuiGrid-justify-xs-center"
        >
          <div
            class="MuiGrid-root MuiGrid-item MuiGrid-grid-xs-12"
          >
            <div
              class="MuiBox-root MuiBox-root-112 makeStyles-row-25 makeStyles-header-1"
            >
              <div
                class="MuiBox-root MuiBox-root-113 makeStyles-arrowBackIconContainer-8"
              >
                <div
                  class="MuiBox-root MuiBox-root-114"
                >
                  <button
                    class="MuiButtonBase-root MuiIconButton-root makeStyles-arrowBackIconButton-7"
                    tabindex="0"
                    type="button"
                  >
                    <span
                      class="MuiIconButton-label"
                    >
                      <svg
                        aria-hidden="true"
                        class="MuiSvgIcon-root makeStyles-backIcon-9"
                        focusable="false"
                        viewBox="0 0 24 24"
                      >
                        <path
                          d="M20 11H7.83l5.59-5.59L12 4l-8 8 8 8 1.41-1.41L7.83 13H20v-2z"
                        />
                      </svg>
                    </span>
                    <span
                      class="MuiTouchRipple-root"
                    />
                  </button>
                  <h4
                    class="MuiTypography-root makeStyles-pageTitle-16 MuiTypography-h4"
                  >
                    Change Password
                  </h4>
                </div>
              </div>
              <div
                class="MuiBox-root MuiBox-root-115"
              />
            </div>
          </div>
          <div
            class="MuiGrid-root MuiGrid-item MuiGrid-grid-xs-8"
          >
            <div
              class="MuiPaper-root MuiCard-root makeStyles-cardBorder-20 makeStyles-contentCard-3 MuiPaper-elevation0 MuiPaper-rounded"
            >
              <div
                class="MuiGrid-root MuiGrid-item MuiGrid-grid-xs-12"
              >
                <div
                  class="MuiBox-root MuiBox-root-116 makeStyles-contentBoxContainer-6"
                >
                  <div
                    class="MuiBox-root MuiBox-root-117 makeStyles-contentBox-12"
                  >
                    <h1
                      class="MuiTypography-root makeStyles-row-15 MuiTypography-h1"
                    >
                      Need to change your login information?
                    </h1>
                    <p
                      class="MuiTypography-root makeStyles-caption-14 makeStyles-row-15 MuiTypography-body1"
                    >
                      You’ll need to contact our Customer Service in order to change your email, phone number or password.
                    </p>
                    <div
                      class="MuiBox-root MuiBox-root-118 makeStyles-row-15"
                    >
                      <button
                        class="MuiButtonBase-root MuiButton-root makeStyles-root-119 makeStyles-root-120 MuiButton-contained MuiButton-disableElevation"
                        data-testid="PrimaryButton"
                        tabindex="0"
                        type="button"
                      >
                        <span
                          class="MuiButton-label"
                        >
                          Contact Us
                        </span>
                        <span
                          class="MuiTouchRipple-root"
                        />
                      </button>
                    </div>
                  </div>
                </div>
              </div>
            </div>
          </div>
        </div>
      </div>
    </div>
    <div
      class="MuiBox-root MuiBox-root-140 makeStyles-root-121"
      data-testid="Footer"
    >
      <div
        class="MuiGrid-root MuiGrid-container MuiGrid-justify-xs-center"
      >
        <div
          class="MuiGrid-root makeStyles-gridContainer-110 makeStyles-gridContainer-141 makeStyles-mainGridContainer-132 MuiGrid-container"
        >
          <div
            class="MuiGrid-root makeStyles-desktopLogoContainer-131 MuiGrid-item MuiGrid-grid-xs-12 MuiGrid-grid-sm-12 MuiGrid-grid-md-12 MuiGrid-grid-lg-3"
          >
            <img
              class="makeStyles-logo-122 makeStyles-logo-142"
              src="logo.png"
            />
          </div>
          <div
            class="MuiGrid-root MuiGrid-item MuiGrid-grid-xs-12 MuiGrid-grid-sm-4 MuiGrid-grid-md-4 MuiGrid-grid-lg-3"
          >
            <div
              class="MuiBox-root MuiBox-root-143 makeStyles-menuBox-135"
            >
              <h4
                class="MuiTypography-root makeStyles-menuHeadTitle-123 MuiTypography-h4"
              >
                FreedomPlus
              </h4>
              <div
                class="MuiBox-root MuiBox-root-144 makeStyles-menuList-137"
              >
                <a
                  class="MuiTypography-root MuiLink-root MuiLink-underlineHover makeStyles-link-129 MuiTypography-colorPrimary"
                  href="https://www.freedomplus.com/privacypolicy/"
                  rel="noopener"
                  target="_blank"
                >
                  <button
                    class="MuiButtonBase-root MuiButton-root makeStyles-root-145 makeStyles-root-146 MuiButton-contained makeStyles-menuItemButton-130 MuiButton-containedSizeLarge MuiButton-sizeLarge MuiButton-disableElevation MuiButton-fullWidth"
                    data-testid="SecondaryButton"
                    tabindex="0"
                    type="button"
                  >
                    <span
                      class="MuiButton-label"
                    >
                      <h4
                        class="MuiTypography-root makeStyles-menuItem-124 MuiTypography-h4"
                      >
                        Privacy Notice
                      </h4>
                    </span>
                    <span
                      class="MuiTouchRipple-root"
                    />
                  </button>
                </a>
                <a
                  class="MuiTypography-root MuiLink-root MuiLink-underlineHover makeStyles-link-129 MuiTypography-colorPrimary"
                  href="https://www.freedomplus.com/california-privacy-notice/"
                  rel="noopener"
                  target="_blank"
                >
                  <button
                    class="MuiButtonBase-root MuiButton-root makeStyles-root-145 makeStyles-root-147 MuiButton-contained makeStyles-menuItemButton-130 MuiButton-containedSizeLarge MuiButton-sizeLarge MuiButton-disableElevation MuiButton-fullWidth"
                    data-testid="SecondaryButton"
                    tabindex="0"
                    type="button"
                  >
                    <span
                      class="MuiButton-label"
                    >
                      <h4
                        class="MuiTypography-root makeStyles-menuItem-124 MuiTypography-h4"
                      >
                        California Privacy Notice
                      </h4>
                    </span>
                    <span
                      class="MuiTouchRipple-root"
                    />
                  </button>
                </a>
                <a
                  class="MuiTypography-root MuiLink-root MuiLink-underlineHover makeStyles-link-129 MuiTypography-colorPrimary"
                  href="https://www.freedomplus.com/termsofuse"
                  rel="noopener"
                  target="_blank"
                >
                  <button
                    class="MuiButtonBase-root MuiButton-root makeStyles-root-145 makeStyles-root-148 MuiButton-contained makeStyles-menuItemButton-130 MuiButton-containedSizeLarge MuiButton-sizeLarge MuiButton-disableElevation MuiButton-fullWidth"
                    data-testid="SecondaryButton"
                    tabindex="0"
                    type="button"
                  >
                    <span
                      class="MuiButton-label"
                    >
                      <h4
                        class="MuiTypography-root makeStyles-menuItem-124 MuiTypography-h4"
                      >
                        Terms of Use
                      </h4>
                    </span>
                    <span
                      class="MuiTouchRipple-root"
                    />
                  </button>
                </a>
              </div>
            </div>
          </div>
          <hr
            class="MuiDivider-root makeStyles-divider-136"
          />
          <div
            class="MuiGrid-root MuiGrid-item MuiGrid-grid-xs-12 MuiGrid-grid-sm-4 MuiGrid-grid-md-4 MuiGrid-grid-lg-3"
          >
            <div
              class="MuiBox-root MuiBox-root-149 makeStyles-menuBox-135"
            >
              <h4
                class="MuiTypography-root makeStyles-menuHeadTitle-123 MuiTypography-h4"
              >
                Consolidation Plus
              </h4>
              <div
                class="MuiBox-root MuiBox-root-150 makeStyles-menuList-137"
              >
                <a
                  class="MuiTypography-root MuiLink-root MuiLink-underlineHover makeStyles-link-129 MuiTypography-colorPrimary"
                  href="https://consolplus.com/privacy-notice/"
                  rel="noopener"
                  target="_blank"
                >
                  <button
                    class="MuiButtonBase-root MuiButton-root makeStyles-root-145 makeStyles-root-151 MuiButton-contained makeStyles-menuItemButton-130 MuiButton-containedSizeLarge MuiButton-sizeLarge MuiButton-disableElevation MuiButton-fullWidth"
                    data-testid="SecondaryButton"
                    tabindex="0"
                    type="button"
                  >
                    <span
                      class="MuiButton-label"
                    >
                      <h4
                        class="MuiTypography-root makeStyles-menuItem-124 MuiTypography-h4"
                      >
                        Privacy Notice
                      </h4>
                    </span>
                    <span
                      class="MuiTouchRipple-root"
                    />
                  </button>
                </a>
                <a
                  class="MuiTypography-root MuiLink-root MuiLink-underlineHover makeStyles-link-129 MuiTypography-colorPrimary"
                  href="https://consolplus.com/california-privacy-notice/"
                  rel="noopener"
                  target="_blank"
                >
                  <button
                    class="MuiButtonBase-root MuiButton-root makeStyles-root-145 makeStyles-root-152 MuiButton-contained makeStyles-menuItemButton-130 MuiButton-containedSizeLarge MuiButton-sizeLarge MuiButton-disableElevation MuiButton-fullWidth"
                    data-testid="SecondaryButton"
                    tabindex="0"
                    type="button"
                  >
                    <span
                      class="MuiButton-label"
                    >
                      <h4
                        class="MuiTypography-root makeStyles-menuItem-124 MuiTypography-h4"
                      >
                        California Privacy Notice
                      </h4>
                    </span>
                    <span
                      class="MuiTouchRipple-root"
                    />
                  </button>
                </a>
              </div>
            </div>
          </div>
          <hr
            class="MuiDivider-root makeStyles-divider-136"
          />
          <div
            class="MuiGrid-root MuiGrid-item MuiGrid-grid-xs-12 MuiGrid-grid-sm-4 MuiGrid-grid-md-4 MuiGrid-grid-lg-3"
          >
            <div
              class="MuiBox-root MuiBox-root-153 makeStyles-menuBox-135"
            >
              <h4
                class="MuiTypography-root makeStyles-menuHeadTitle-123 MuiTypography-h4"
              >
                Mailing Address
              </h4>
              <div
                class="MuiBox-root MuiBox-root-154 makeStyles-menuList-137"
              >
                <h4
                  class="MuiTypography-root makeStyles-menuDescription-125 MuiTypography-h4"
                >
                  Main Office
                </h4>
                <h4
                  class="MuiTypography-root makeStyles-menuDescription-125 MuiTypography-h4"
                >
                  2114 E Rio Salado Blvd
                </h4>
                <h4
                  class="MuiTypography-root makeStyles-menuDescription-125 MuiTypography-h4"
                >
                  Tempe, AZ 85281
                </h4>
                <h4
                  class="MuiTypography-root makeStyles-menuDescription-125 MuiTypography-h4"
                >
                   PO Box 2340
                </h4>
                <h4
                  class="MuiTypography-root makeStyles-menuDescription-125 MuiTypography-h4"
                >
                  Phoenix, AZ 85002-2340
                </h4>
              </div>
            </div>
          </div>
        </div>
      </div>
      <div
        class="MuiGrid-root MuiGrid-container MuiGrid-justify-xs-center"
      >
        <div
          class="MuiGrid-root makeStyles-gridContainer-110 makeStyles-gridContainer-155 MuiGrid-container MuiGrid-spacing-xs-3"
        >
          <div
            class="MuiGrid-root MuiGrid-item makeStyles-menuBottomWrap-126 MuiGrid-grid-sm-12 MuiGrid-grid-md-12 MuiGrid-grid-lg-12"
          >
            <div
              class="MuiBox-root MuiBox-root-156 makeStyles-bottomLogoBox-133"
            >
              <img
                class="makeStyles-logo-122 makeStyles-logo-157"
                src="logo.png"
              />
            </div>
            <div
              class="MuiBox-root MuiBox-root-158 makeStyles-bottomCopyrightBox-134"
            >
              <h4
                class="MuiTypography-root makeStyles-menuBottomDescription-127 MuiTypography-h4"
              >
                © 2021 Freedom Financial Asset Management, LLC. All Rights Reserved.
              </h4>
            </div>
            <button
              class="MuiButtonBase-root MuiButton-root makeStyles-root-145 makeStyles-root-159 MuiButton-contained makeStyles-button-128 MuiButton-containedSizeLarge MuiButton-sizeLarge MuiButton-disableElevation MuiButton-fullWidth"
              data-testid="SecondaryButton"
              tabindex="0"
              type="button"
            >
              <span
                class="MuiButton-label"
              >
                Contact Us
              </span>
              <span
                class="MuiTouchRipple-root"
              />
            </button>
          </div>
        </div>
      </div>
    </div>
  </div>
</div>
`;

exports[`ChangePasswordScreen Screen renders ChangePasswordScreen screen in a mobile view 1`] = `
<div>
  <div
    class="MuiBox-root MuiBox-root-208"
  >
    <div
      class="MuiBox-root MuiBox-root-209 makeStyles-screenPaddingOff-196 makeStyles-withMinHeight-207"
    >
      <div
        class="MuiPaper-root MuiCard-root makeStyles-headerCard-161 MuiPaper-elevation0 MuiPaper-rounded"
      >
        <div
          class="MuiGrid-root MuiGrid-item MuiGrid-grid-xs-12"
        >
          <div
            class="MuiBox-root MuiBox-root-210 makeStyles-row-184 makeStyles-header-160"
          >
            <div
              class="MuiBox-root MuiBox-root-211 makeStyles-arrowBackIconContainer-167"
            >
              <svg
                aria-hidden="true"
                class="MuiSvgIcon-root makeStyles-backIcon-168"
                focusable="false"
                viewBox="0 0 24 24"
              >
                <path
                  d="M20 11H7.83l5.59-5.59L12 4l-8 8 8 8 1.41-1.41L7.83 13H20v-2z"
                />
              </svg>
            </div>
            <div
              class="MuiBox-root MuiBox-root-212 makeStyles-lockBox-169"
            >
              <div
                class="MuiBox-root MuiBox-root-213 makeStyles-lockIconContainer-172"
              >
                <svg
                  aria-hidden="true"
                  class="MuiSvgIcon-root"
                  focusable="false"
                  viewBox="0 0 24 24"
                >
                  <path
                    d="M18 8h-1V6c0-2.76-2.24-5-5-5S7 3.24 7 6v2H6c-1.1 0-2 .9-2 2v10c0 1.1.9 2 2 2h12c1.1 0 2-.9 2-2V10c0-1.1-.9-2-2-2zm-6 9c-1.1 0-2-.9-2-2s.9-2 2-2 2 .9 2 2-.9 2-2 2zm3.1-9H8.9V6c0-1.71 1.39-3.1 3.1-3.1 1.71 0 3.1 1.39 3.1 3.1v2z"
                  />
                </svg>
              </div>
            </div>
            <div
              class="MuiBox-root MuiBox-root-214"
            />
          </div>
        </div>
      </div>
      <hr
        class="MuiDivider-root makeStyles-divider-163"
      />
      <div
        class="MuiPaper-root MuiCard-root makeStyles-cardBorder-179 makeStyles-contentCard-162 MuiPaper-elevation0 MuiPaper-rounded"
      >
        <div
          class="MuiGrid-root MuiGrid-item MuiGrid-grid-xs-12"
        >
          <div
            class="MuiBox-root MuiBox-root-215 makeStyles-contentBoxContainer-165"
          >
            <div
              class="MuiBox-root MuiBox-root-216 makeStyles-contentBox-171"
            >
              <h1
                class="MuiTypography-root makeStyles-row-174 MuiTypography-h1"
              >
                Need to change your login information?
              </h1>
              <p
                class="MuiTypography-root makeStyles-caption-173 makeStyles-row-174 MuiTypography-body1"
              >
                You’ll need to contact our Customer Service in order to change your email, phone number or password.
              </p>
              <div
                class="MuiBox-root MuiBox-root-217 makeStyles-row-174"
              >
                <button
                  class="MuiButtonBase-root MuiButton-root makeStyles-root-218 makeStyles-root-219 MuiButton-contained MuiButton-disableElevation"
                  data-testid="PrimaryButton"
                  tabindex="0"
                  type="button"
                >
                  <span
                    class="MuiButton-label"
                  >
                    Contact Us
                  </span>
                  <span
                    class="MuiTouchRipple-root"
                  />
                </button>
              </div>
            </div>
          </div>
        </div>
      </div>
    </div>
    <div
      class="MuiBox-root MuiBox-root-239 makeStyles-root-220"
      data-testid="Footer"
    >
      <div
        class="MuiGrid-root MuiGrid-container MuiGrid-justify-xs-center"
      >
        <div
          class="MuiGrid-root makeStyles-gridContainer-240 makeStyles-gridContainer-241 makeStyles-mainGridContainer-231 MuiGrid-container"
        >
          <div
            class="MuiGrid-root makeStyles-desktopLogoContainer-230 MuiGrid-item MuiGrid-grid-xs-12 MuiGrid-grid-sm-12 MuiGrid-grid-md-12 MuiGrid-grid-lg-3"
          >
            <img
              class="makeStyles-logo-221 makeStyles-logo-242"
              src="logo.png"
            />
          </div>
          <div
            class="MuiBox-root MuiBox-root-243 makeStyles-footerHeader-237"
          >
            <img
              class="makeStyles-logo-221 makeStyles-logo-244"
              src="logo.png"
            />
            <button
              class="MuiButtonBase-root MuiButton-root makeStyles-root-245 makeStyles-root-246 MuiButton-contained makeStyles-button-227 MuiButton-containedSizeLarge MuiButton-sizeLarge MuiButton-disableElevation MuiButton-fullWidth"
              data-testid="SecondaryButton"
              tabindex="0"
              type="button"
            >
              <span
                class="MuiButton-label"
              >
                Contact Us
              </span>
              <span
                class="MuiTouchRipple-root"
              />
            </button>
          </div>
          <div
            class="MuiGrid-root MuiGrid-item MuiGrid-grid-xs-12 MuiGrid-grid-sm-4 MuiGrid-grid-md-4 MuiGrid-grid-lg-3"
          >
            <div
              class="MuiBox-root MuiBox-root-247 makeStyles-menuBox-234"
            >
              <h4
                class="MuiTypography-root makeStyles-menuHeadTitle-222 MuiTypography-h4"
              >
                FreedomPlus
              </h4>
              <div
                class="MuiBox-root MuiBox-root-248 makeStyles-menuList-236"
              >
                <a
                  class="MuiTypography-root MuiLink-root MuiLink-underlineHover makeStyles-link-228 MuiTypography-colorPrimary"
                  href="https://www.freedomplus.com/privacypolicy/"
                  rel="noopener"
                  target="_blank"
                >
                  <button
                    class="MuiButtonBase-root MuiButton-root makeStyles-root-245 makeStyles-root-249 MuiButton-contained makeStyles-menuItemButton-229 MuiButton-containedSizeLarge MuiButton-sizeLarge MuiButton-disableElevation MuiButton-fullWidth"
                    data-testid="SecondaryButton"
                    tabindex="0"
                    type="button"
                  >
                    <span
                      class="MuiButton-label"
                    >
                      <h4
                        class="MuiTypography-root makeStyles-menuItem-223 MuiTypography-h4"
                      >
                        Privacy Notice
                      </h4>
                    </span>
                    <span
                      class="MuiTouchRipple-root"
                    />
                  </button>
                </a>
                <a
                  class="MuiTypography-root MuiLink-root MuiLink-underlineHover makeStyles-link-228 MuiTypography-colorPrimary"
                  href="https://www.freedomplus.com/california-privacy-notice/"
                  rel="noopener"
                  target="_blank"
                >
                  <button
                    class="MuiButtonBase-root MuiButton-root makeStyles-root-245 makeStyles-root-250 MuiButton-contained makeStyles-menuItemButton-229 MuiButton-containedSizeLarge MuiButton-sizeLarge MuiButton-disableElevation MuiButton-fullWidth"
                    data-testid="SecondaryButton"
                    tabindex="0"
                    type="button"
                  >
                    <span
                      class="MuiButton-label"
                    >
                      <h4
                        class="MuiTypography-root makeStyles-menuItem-223 MuiTypography-h4"
                      >
                        California Privacy Notice
                      </h4>
                    </span>
                    <span
                      class="MuiTouchRipple-root"
                    />
                  </button>
                </a>
                <a
                  class="MuiTypography-root MuiLink-root MuiLink-underlineHover makeStyles-link-228 MuiTypography-colorPrimary"
                  href="https://www.freedomplus.com/termsofuse"
                  rel="noopener"
                  target="_blank"
                >
                  <button
                    class="MuiButtonBase-root MuiButton-root makeStyles-root-245 makeStyles-root-251 MuiButton-contained makeStyles-menuItemButton-229 MuiButton-containedSizeLarge MuiButton-sizeLarge MuiButton-disableElevation MuiButton-fullWidth"
                    data-testid="SecondaryButton"
                    tabindex="0"
                    type="button"
                  >
                    <span
                      class="MuiButton-label"
                    >
                      <h4
                        class="MuiTypography-root makeStyles-menuItem-223 MuiTypography-h4"
                      >
                        Terms of Use
                      </h4>
                    </span>
                    <span
                      class="MuiTouchRipple-root"
                    />
                  </button>
                </a>
              </div>
            </div>
          </div>
          <hr
            class="MuiDivider-root makeStyles-divider-235"
          />
          <div
            class="MuiGrid-root MuiGrid-item MuiGrid-grid-xs-12 MuiGrid-grid-sm-4 MuiGrid-grid-md-4 MuiGrid-grid-lg-3"
          >
            <div
              class="MuiBox-root MuiBox-root-252 makeStyles-menuBox-234"
            >
              <h4
                class="MuiTypography-root makeStyles-menuHeadTitle-222 MuiTypography-h4"
              >
                Consolidation Plus
              </h4>
              <div
                class="MuiBox-root MuiBox-root-253 makeStyles-menuList-236"
              >
                <a
                  class="MuiTypography-root MuiLink-root MuiLink-underlineHover makeStyles-link-228 MuiTypography-colorPrimary"
                  href="https://consolplus.com/privacy-notice/"
                  rel="noopener"
                  target="_blank"
                >
                  <button
                    class="MuiButtonBase-root MuiButton-root makeStyles-root-245 makeStyles-root-254 MuiButton-contained makeStyles-menuItemButton-229 MuiButton-containedSizeLarge MuiButton-sizeLarge MuiButton-disableElevation MuiButton-fullWidth"
                    data-testid="SecondaryButton"
                    tabindex="0"
                    type="button"
                  >
                    <span
                      class="MuiButton-label"
                    >
                      <h4
                        class="MuiTypography-root makeStyles-menuItem-223 MuiTypography-h4"
                      >
                        Privacy Notice
                      </h4>
                    </span>
                    <span
                      class="MuiTouchRipple-root"
                    />
                  </button>
                </a>
                <a
                  class="MuiTypography-root MuiLink-root MuiLink-underlineHover makeStyles-link-228 MuiTypography-colorPrimary"
                  href="https://consolplus.com/california-privacy-notice/"
                  rel="noopener"
                  target="_blank"
                >
                  <button
                    class="MuiButtonBase-root MuiButton-root makeStyles-root-245 makeStyles-root-255 MuiButton-contained makeStyles-menuItemButton-229 MuiButton-containedSizeLarge MuiButton-sizeLarge MuiButton-disableElevation MuiButton-fullWidth"
                    data-testid="SecondaryButton"
                    tabindex="0"
                    type="button"
                  >
                    <span
                      class="MuiButton-label"
                    >
                      <h4
                        class="MuiTypography-root makeStyles-menuItem-223 MuiTypography-h4"
                      >
                        California Privacy Notice
                      </h4>
                    </span>
                    <span
                      class="MuiTouchRipple-root"
                    />
                  </button>
                </a>
              </div>
            </div>
          </div>
          <hr
            class="MuiDivider-root makeStyles-divider-235"
          />
          <div
            class="MuiGrid-root MuiGrid-item MuiGrid-grid-xs-12 MuiGrid-grid-sm-4 MuiGrid-grid-md-4 MuiGrid-grid-lg-3"
          >
            <div
              class="MuiBox-root MuiBox-root-256 makeStyles-menuBox-234"
            >
              <h4
                class="MuiTypography-root makeStyles-menuHeadTitle-222 MuiTypography-h4"
              >
                Mailing Address
              </h4>
              <div
                class="MuiBox-root MuiBox-root-257 makeStyles-menuList-236"
              >
                <h4
                  class="MuiTypography-root makeStyles-menuDescription-224 MuiTypography-h4"
                >
                  Main Office
                </h4>
                <h4
                  class="MuiTypography-root makeStyles-menuDescription-224 MuiTypography-h4"
                >
                  2114 E Rio Salado Blvd
                </h4>
                <h4
                  class="MuiTypography-root makeStyles-menuDescription-224 MuiTypography-h4"
                >
                  Tempe, AZ 85281
                </h4>
                <h4
                  class="MuiTypography-root makeStyles-menuDescription-224 MuiTypography-h4"
                >
                   PO Box 2340
                </h4>
                <h4
                  class="MuiTypography-root makeStyles-menuDescription-224 MuiTypography-h4"
                >
                  Phoenix, AZ 85002-2340
                </h4>
              </div>
            </div>
          </div>
        </div>
      </div>
      <div
        class="MuiGrid-root MuiGrid-container MuiGrid-justify-xs-center"
      >
        <div
          class="MuiGrid-root makeStyles-gridContainer-240 makeStyles-gridContainer-258 MuiGrid-container MuiGrid-spacing-xs-3"
        >
          <div
            class="MuiGrid-root MuiGrid-item makeStyles-menuBottomWrap-225 MuiGrid-grid-sm-12 MuiGrid-grid-md-12 MuiGrid-grid-lg-12"
          >
            <div
              class="MuiBox-root MuiBox-root-259 makeStyles-bottomCopyrightBox-233"
            >
              <h4
                class="MuiTypography-root makeStyles-menuBottomDescription-226 MuiTypography-h4"
              >
                © 2021 Freedom Financial Asset Management, LLC. All Rights Reserved.
              </h4>
            </div>
          </div>
        </div>
      </div>
    </div>
  </div>
</div>
`;
