// Jest Snapshot v1, https://goo.gl/fbAQLP

exports[`App Component renders log in 1`] = `
<div>
  <div
    class="MuiBox-root MuiBox-root-4 makeStyles-contentBox-2 makeStyles-contentBox-3"
  >
    <div
      class="MuiBox-root MuiBox-root-5 makeStyles-childrenBox-1"
    >
      <div
        class="MuiCircularProgress-root MuiCircularProgress-colorPrimary MuiCircularProgress-indeterminate"
        role="progressbar"
        style="width: 40px; height: 40px;"
      >
        <svg
          class="MuiCircularProgress-svg"
          viewBox="22 22 44 44"
        >
          <circle
            class="MuiCircularProgress-circle MuiCircularProgress-circleIndeterminate"
            cx="44"
            cy="44"
            fill="none"
            r="20.2"
            stroke-width="3.6"
          />
        </svg>
      </div>
    </div>
  </div>
</div>
`;
